// Jest Snapshot v1, https://goo.gl/fbAQLP

exports[`Renders home message Renders home message if user auth 1`] = `
Array [
  <div
    className="HomeCard-container-27"
  >
    <div
      className="MuiGrid-container-40 MuiGrid-justify-xs-center-57 GridContainer-grid-39 undefined"
    >
      <div
        className="MuiGrid-item-41 MuiGrid-grid-xs-12-80 MuiGrid-grid-sm-12-94 MuiGrid-grid-md-10-106 GridItem-grid-137 undefined"
      >
        <div
          className="Card-card-138 HomeCard-cardSignup-28"
        >
          <h2
            className="HomeCard-cardTitle-26"
          >
            Register
          </h2>
          <div
            className="CardBody-cardBody-155"
          >
            <div
              className="MuiGrid-container-40 MuiGrid-justify-xs-center-57 GridContainer-grid-39 undefined"
            >
              <div
                className="MuiGrid-item-41 MuiGrid-grid-xs-12-80 MuiGrid-grid-sm-12-94 MuiGrid-grid-md-5-101 GridItem-grid-137 undefined"
              >
                <div
                  className="InfoArea-infoArea-164"
                >
                  <div
                    className="InfoArea-iconWrapper-165 InfoArea-rose-171"
                  >
                    <svg
                      aria-hidden="true"
                      className="MuiSvgIcon-root-177 InfoArea-icon-173"
                      focusable="false"
                      role="presentation"
                      viewBox="0 0 24 24"
                    >
                      <defs>
                        <path
                          d="M0 0h24v24H0V0z"
                          id="a"
                        />
                      </defs>
                      <path
                        d="M23 8c0 1.1-.9 2-2 2-.18 0-.35-.02-.51-.07l-3.56 3.55c.05.16.07.34.07.52 0 1.1-.9 2-2 2s-2-.9-2-2c0-.18.02-.36.07-.52l-2.55-2.55c-.16.05-.34.07-.52.07s-.36-.02-.52-.07l-4.55 4.56c.05.16.07.33.07.51 0 1.1-.9 2-2 2s-2-.9-2-2 .9-2 2-2c.18 0 .35.02.51.07l4.56-4.55C8.02 9.36 8 9.18 8 9c0-1.1.9-2 2-2s2 .9 2 2c0 .18-.02.36-.07.52l2.55 2.55c.16-.05.34-.07.52-.07s.36.02.52.07l3.55-3.56C19.02 8.35 19 8.18 19 8c0-1.1.9-2 2-2s2 .9 2 2z"
                      />
                    </svg>
                  </div>
                  <div
                    className="InfoArea-descriptionWrapper-174"
                  >
                    <h4
                      className="InfoArea-title-175"
                    >
                      Marketing
                    </h4>
                    <p
                      className="InfoArea-description-176"
                    >
                      We've created the marketing campaign of the website. It was a very interesting collaboration.
                    </p>
                  </div>
                </div>
                <div
                  className="InfoArea-infoArea-164"
                >
                  <div
                    className="InfoArea-iconWrapper-165 InfoArea-primary-166"
                  >
                    <svg
                      aria-hidden="true"
                      className="MuiSvgIcon-root-177 InfoArea-icon-173"
                      focusable="false"
                      role="presentation"
                      viewBox="0 0 24 24"
                    >
                      <path
                        d="M0 0h24v24H0V0z"
                        fill="none"
                      />
                      <path
                        d="M9.4 16.6L4.8 12l4.6-4.6L8 6l-6 6 6 6 1.4-1.4zm5.2 0l4.6-4.6-4.6-4.6L16 6l6 6-6 6-1.4-1.4z"
                      />
                    </svg>
                  </div>
                  <div
                    className="InfoArea-descriptionWrapper-174"
                  >
                    <h4
                      className="InfoArea-title-175"
                    >
                      Fully Coded in HTML5
                    </h4>
                    <p
                      className="InfoArea-description-176"
                    >
                      We've developed the website with HTML5 and CSS3. The client has access to the code using GitHub.
                    </p>
                  </div>
                </div>
                <div
                  className="InfoArea-infoArea-164"
                >
                  <div
                    className="InfoArea-iconWrapper-165 InfoArea-info-170"
                  >
                    <svg
                      aria-hidden="true"
                      className="MuiSvgIcon-root-177 InfoArea-icon-173"
                      focusable="false"
                      role="presentation"
                      viewBox="0 0 24 24"
                    >
                      <path
                        d="M0 0h24v24H0z"
                        fill="none"
                      />
                      <path
                        d="M16 11c1.66 0 2.99-1.34 2.99-3S17.66 5 16 5c-1.66 0-3 1.34-3 3s1.34 3 3 3zm-8 0c1.66 0 2.99-1.34 2.99-3S9.66 5 8 5C6.34 5 5 6.34 5 8s1.34 3 3 3zm0 2c-2.33 0-7 1.17-7 3.5V19h14v-2.5c0-2.33-4.67-3.5-7-3.5zm8 0c-.29 0-.62.02-.97.05 1.16.84 1.97 1.97 1.97 3.45V19h6v-2.5c0-2.33-4.67-3.5-7-3.5z"
                      />
                    </svg>
                  </div>
                  <div
                    className="InfoArea-descriptionWrapper-174"
                  >
                    <h4
                      className="InfoArea-title-175"
                    >
                      Built Audience
                    </h4>
                    <p
                      className="InfoArea-description-176"
                    >
                      There is also a Fully Customizable CMS Admin Dashboard for this product.
                    </p>
                  </div>
                </div>
              </div>
              <div
                className="MuiGrid-item-41 MuiGrid-grid-xs-12-80 MuiGrid-grid-sm-8-90 MuiGrid-grid-md-5-101 GridItem-grid-137 undefined"
              >
                <div
                  className="HomeCard-center-29"
                  style={
                    Object {
                      "paddingBottom": "40%",
                      "paddingTop": "40%",
                    }
                  }
                >
                  <button
                    className="MuiButtonBase-root-241 MuiButton-root-215 MuiButton-text-217 MuiButton-flat-220 RegularButton-button-186 RegularButton-lg-209 RegularButton-primary-188 RegularButton-round-211"
                    disabled={false}
                    onBlur={[Function]}
                    onClick={[Function]}
                    onFocus={[Function]}
                    onKeyDown={[Function]}
                    onKeyUp={[Function]}
                    onMouseDown={[Function]}
                    onMouseLeave={[Function]}
                    onMouseUp={[Function]}
                    onTouchEnd={[Function]}
                    onTouchMove={[Function]}
                    onTouchStart={[Function]}
                    tabIndex="0"
                    type="button"
                  >
                    <span
                      className="MuiButton-label-216"
                    >
                      Get started
                    </span>
                    <span
                      className="MuiTouchRipple-root-244"
                    />
                  </button>
                </div>
              </div>
            </div>
          </div>
        </div>
      </div>
    </div>
  </div>,
  <div
    className="Toastify"
  />,
]
`;
